// Jest Snapshot v1, https://goo.gl/fbAQLP

exports[`Renders correctly 1`] = `
<div>
  <div
    class="blank-bar"
  >
    <img
      alt="logo"
      class="logo"
      src="http://www.gnalley.com/wp-content/uploads/2014/08/LogoTaglineBlue.png"
    />
  </div>
  <div
    class="hamburger-menu"
  >
    <img
      alt="menu"
      src="https://img.icons8.com/material-outlined/24/000000/menu--v1.png"
    />
  </div>
</div>
`;
