// Jest Snapshot v1, https://goo.gl/fbAQLP

exports[`It should render properly 1`] = `
<div>
  <div
    class="overarch-contact-container"
  >
    <h1>
      Email us:
    </h1>
    <div
      class="mobile-input-container"
      data-testid="input-field"
    >
      <label>
        First Name
      </label>
      <input
        id="first-name"
        name="first-name"
        type="text"
        value=""
      />
    </div>
    <div
      class="mobile-input-container"
      data-testid="input-field"
    >
      <label>
        Last Name
      </label>
      <input
        id="last-name"
        name="last-name"
        type="text"
        value=""
      />
    </div>
    <div
      class="mobile-input-container"
      data-testid="input-field"
    >
      <label>
        Email
      </label>
      <input
        id="email"
        name="email"
        type="text"
        value=""
      />
    </div>
    <div
      class="mobile-input-container"
      data-testid="input-field"
    >
      <label>
        Phone Number
      </label>
      <input
        id="phone"
        name="phone"
        type="text"
        value=""
      />
    </div>
    <div
      class="radio-input-container"
      data-testid="input-field"
    >
      <label
        class="button-label"
      >
        Are you a new client?
      </label>
      <div
        class="button-container"
      >
        <button
          class="inactive"
        >
          Yes
        </button>
        <button
          class="inactive"
        >
          No
        </button>
      </div>
    </div>
    <div
      class="input-message-container"
      data-testid="input-field"
    >
      <label>
        Message
      </label>
      <textarea
        id="message"
        type="text"
      />
    </div>
    <div
      class="submit-button-container"
    >
      <button
        class="submit-button"
      >
        Submit
      </button>
    </div>
  </div>
</div>
`;
